core_cm4.h:1596:22:NVIC_SetPriorityGrouping	24	static
stm32f3xx_ll_i2c.h:407:22:LL_I2C_Enable	16	static
stm32f3xx_ll_i2c.h:421:22:LL_I2C_Disable	16	static
stm32f3xx_ll_rcc.h:1097:22:LL_RCC_HSI_Enable	4	static
stm32f3xx_ll_rcc.h:1117:26:LL_RCC_HSI_IsReady	4	static
stm32f3xx_ll_rcc.h:1143:22:LL_RCC_HSI_SetCalibTrimming	16	static
stm32f3xx_ll_rcc.h:1301:22:LL_RCC_SetSysClkSource	16	static
stm32f3xx_ll_rcc.h:1314:26:LL_RCC_GetSysClkSource	4	static
stm32f3xx_ll_rcc.h:1334:22:LL_RCC_SetAHBPrescaler	16	static
stm32f3xx_ll_rcc.h:1350:22:LL_RCC_SetAPB1Prescaler	16	static
stm32f3xx_ll_rcc.h:1366:22:LL_RCC_SetAPB2Prescaler	16	static
stm32f3xx_ll_rcc.h:1501:22:LL_RCC_SetUSARTClockSource	16	static
stm32f3xx_ll_rcc.h:1544:22:LL_RCC_SetI2CClockSource	16	static
stm32f3xx_ll_bus.h:553:22:LL_APB1_GRP1_EnableClock	24	static
stm32f3xx_ll_bus.h:867:22:LL_APB2_GRP1_EnableClock	24	static
stm32f3xx_ll_system.h:1634:22:LL_FLASH_SetLatency	16	static
stm32f3xx_ll_system.h:1647:26:LL_FLASH_GetLatency	4	static
stm32f3xx_ll_cortex.h:260:22:LL_SYSTICK_SetClkSource	16	static
stm32f3xx_ll_spi.h:375:22:LL_SPI_Enable	16	static
stm32f3xx_ll_spi.h:387:22:LL_SPI_Disable	16	static
stm32f3xx_ll_usart.h:3523:22:LL_USART_TransmitData8	16	static
main.c:51:5:main	16	static
main.c:83:6:SystemClock_Config	8	static
main.c:118:6:display_init_clear	8	static
main.c:129:6:get_values	8	static
main.c:147:6:write_values	136	static
main.c:167:6:transmit_values	48	static
main.c:191:6:Error_Handler	4	static
